src/data/products.ts(6,7): error TS6133: 'img' is declared but its value is never read.
